hugo chavez,0
[huh, zag, cove]
[huh, cove, zag]
[zag, huh, cove]
[zag, cove, huh]
[cove, huh, zag]
[cove, zag, huh]

howard dean,2
[don, warhead]
[nod, warhead]
[head, onward]
[wade, hadron]
[ahead, drown]
[drown, ahead]
[hadron, wade]
[onward, head]
[warhead, don]
[warhead, nod]